Microchip MPLAB XC8 Compiler V3.00

Linker command line:

-W-3 \
  --edf=C:/Program Files/Microchip/MPLABX/v6.25/packs/Microchip/PIC18Fxxxx_DFP/1.7.171/xc8\pic\dat\20250117225543_en.msgs \
  -cn -h+dist/default/production\JogoDaMemoria.X.production.sym \
  --cmf=dist/default/production\JogoDaMemoria.X.production.cmf -z -Q18F4520 \
  -oC:\Users\Pichau\AppData\Local\Temp\xcAsf6c.\driver_tmp_3.o \
  --defsym=__MPLAB_BUILD=1 --fixupoverflow=error \
  -Mdist/default/production/JogoDaMemoria.X.production.map \
  --md=C:\Users\Pichau\AppData\Local\Temp\xcAsf6c.\driver_tmp_0.dat -E1 \
  -ver=XC8 Compiler -ACODE=00h-07FFFh -ACONST=00h-07FFFh \
  -ASMALLCONST=0600h-06FFhx122 -AMEDIUMCONST=0600h-07FFFh -ACOMRAM=01h-07Fh \
  -AABS1=00h-05FFh -ABIGRAM=01h-05FFh -ARAM=080h-0FFh,0100h-01FFhx5 \
  -ABANK0=080h-0FFh -ABANK1=0100h-01FFh -ABANK2=0200h-02FFh \
  -ABANK3=0300h-03FFh -ABANK4=0400h-04FFh -ABANK5=0500h-05FFh \
  -ASFR=0F80h-0FFFh -ABIGSFR=0F80h-0FFFh -ACONFIG=0300000h-030000Dh \
  -AIDLOC=0200000h-0200007h -AEEDATA=0F00000h-0F000FFh -peeprom_data=EEDATA \
  -preset_vec=00h,intcode=8h,intcodelo=18h,sivt_lo,sivt_hi=CODE \
  -ppowerup=CODE,init -pramtop=0600h -psmallconst=SMALLCONST \
  -pmediumconst=MEDIUMCONST -pconst=CONST -AFARRAM=00h-00h \
  -prdata=COMRAM,nvrram=COMRAM,nvbit=COMRAM,rbss=COMRAM,rbit=COMRAM \
  -pfarbss=FARRAM,fardata=FARRAM,nvFARRAM=FARRAM \
  -pintsave_regs=BIGRAM,bigbss=BIGRAM,bigdata=BIGRAM -pbss=RAM \
  -pidata=CODE,irdata=CODE,ibigdata=CODE,ifardata=CODE -prparam=COMRAM \
  C:\Users\Pichau\AppData\Local\Temp\xcAsf6c.\driver_tmp_9.o \
  dist/default/production\JogoDaMemoria.X.production.o 

Object code version is 3.11

Machine type is 18F4520



                Name                               Link     Load   Length Selector   Space Scale
C:\Users\Pichau\AppData\Local\Temp\xcAsf6c.\driver_tmp_9.o
                config                           300000   300000        8        0       4
                init                               7FFC     7FFC        4     3FFE       0
                reset_vec                             0        0        4        0       0
dist/default/production\JogoDaMemoria.X.production.o
                config                           300000   300000        8        0       4
                smallconst                          600      600        C      300       0
                text19                              AEC      AEC        6      306       0
                text18                              AE6      AE6        6      306       0
                text17                              AE0      AE0        6      306       0
                text16                              744      744       AE      306       0
                text15                              A12      A12       26      306       0
                text14                              85E      85E       6A      306       0
                text13                              7F2      7F2       6C      306       0
                text12                              9EA      9EA       28      306       0
                text11                              ABC      ABC       10      306       0
                text10                              AD6      AD6        A      306       0
                text9                               ACC      ACC        A      306       0
                text8                               A92      A92       1A      306       0
                text7                               926      926       54      306       0
                text6                               8C8      8C8       5E      306       0
                text5                               A5A      A5A       1E      306       0
                text4                               9B2      9B2       38      306       0
                text3                               A38      A38       22      306       0
                text2                               97A      97A       38      306       0
                text1                               60C      60C      138      306       0
                text0                               AAC      AAC       10      306       0
                cstackCOMRAM                          1        1       1A        1       1
                bssCOMRAM                            1B       1B        D        1       1
                cinit                               A78      A78       1A      306       0
                nvCOMRAM                             28       28        1        1       1

TOTAL           Name                               Link     Load   Length     Space
        CLASS   CODE           
                init                               7FFC     7FFC        4         0
                reset_vec                             0        0        4         0
                text19                              AEC      AEC        6         0
                text18                              AE6      AE6        6         0
                text17                              AE0      AE0        6         0
                text16                              744      744       AE         0
                text15                              A12      A12       26         0
                text14                              85E      85E       6A         0
                text13                              7F2      7F2       6C         0
                text12                              9EA      9EA       28         0
                text11                              ABC      ABC       10         0
                text10                              AD6      AD6        A         0
                text9                               ACC      ACC        A         0
                text8                               A92      A92       1A         0
                text7                               926      926       54         0
                text6                               8C8      8C8       5E         0
                text5                               A5A      A5A       1E         0
                text4                               9B2      9B2       38         0
                text3                               A38      A38       22         0
                text2                               97A      97A       38         0
                text1                               60C      60C      138         0
                text0                               AAC      AAC       10         0
                cinit                               A78      A78       1A         0

        CLASS   CONST          

        CLASS   SMALLCONST     
                smallconst                          600      600        C         0

        CLASS   MEDIUMCONST    

        CLASS   COMRAM         
                cstackCOMRAM                          1        1       1A         1
                bssCOMRAM                            1B       1B        D         1
                nvCOMRAM                             28       28        1         1

        CLASS   ABS1           

        CLASS   BIGRAM         

        CLASS   RAM            

        CLASS   BANK0          

        CLASS   BANK1          

        CLASS   BANK2          

        CLASS   BANK3          

        CLASS   BANK4          

        CLASS   BANK5          

        CLASS   SFR            

        CLASS   BIGSFR         

        CLASS   CONFIG         
                config                           300000   300000        8         4

        CLASS   IDLOC          

        CLASS   EEDATA         

        CLASS   FARRAM         

        CLASS   HEAP           

        CLASS   STACK          



SEGMENTS        Name                           Load    Length   Top    Selector   Space  Class

                reset_vec                      000000  000004  000004         0       0  CODE    
                cstackCOMRAM                   000001  000028  000029         1       1  COMRAM  
                smallconst                     000600  00000C  00060C       300       0  SMALLCON
                text1                          00060C  0004E6  000AF2       306       0  CODE    
                init                           007FFC  000004  008000      3FFE       0  CODE    


UNUSED ADDRESS RANGES

        Name                Unused          Largest block    Delta
        BANK0            000080-0000FF               80
        BANK1            000100-0001FF              100
        BANK2            000200-0002FF              100
        BANK3            000300-0003FF              100
        BANK4            000400-0004FF              100
        BANK5            000500-0005FF              100
        BIGRAM           000029-0005FF              5D7
        BIGSFR           000F80-000FFF               80
        CODE             000004-0005FF              5FC
                         000AF2-007FFB             750A
        COMRAM           000029-00007F               57
        CONFIG           300008-30000D                6
        CONST            000004-0005FF              5FC
                         000AF2-007FFB             750A
        EEDATA           F00000-F000FF              100
        IDLOC            200000-200007                8
        MEDIUMCONST      000AF2-007FFB             750A
        RAM              000080-0005FF              100
        SFR              000F80-000FFF               80
        SMALLCONST       000AF2-007FFB              100

                                  Symbol Table

?___awmod                    cstackCOMRAM 000001
?___lmul                     cstackCOMRAM 000001
?_adc_read                   cstackCOMRAM 000001
?_rand                       cstackCOMRAM 00000D
_ADCON0                      (abs)        000FC2
_ADCON1                      (abs)        000FC1
_ADRESH                      (abs)        000FC4
_ADRESL                      (abs)        000FC3
_GO_nDONE                    (abs)        007E11
_LATC                        (abs)        000F8B
_LATD                        (abs)        000F8C
_LATEbits                    (abs)        000F8D
_PORTBbits                   (abs)        000F81
_TRISAbits                   (abs)        000F92
_TRISB                       (abs)        000F93
_TRISC                       (abs)        000F94
_TRISD                       (abs)        000F95
_TRISEbits                   (abs)        000F96
__HRAM                       (abs)        000000
__H__absolute__              __absolute__ 000000
__Habs1                      abs1         000000
__Hbank0                     bank0        000000
__Hbank1                     bank1        000000
__Hbank2                     bank2        000000
__Hbank3                     bank3        000000
__Hbank4                     bank4        000000
__Hbank5                     bank5        000000
__Hbigbss                    bigbss       000000
__Hbigdata                   bigdata      000000
__Hbigram                    bigram       000000
__Hbigsfr                    bigsfr       000000
__Hbss                       bss          000000
__HbssCOMRAM                 bssCOMRAM    000000
__Hcinit                     cinit        000000
__Hclrtext                   clrtext      000000
__Hcomram                    comram       000000
__Hconfig                    config       300008
__Hconst                     const        000000
__HcstackCOMRAM              cstackCOMRAM 000000
__Hdata                      data         000000
__Heeprom_data               eeprom_data  000000
__Hfarbss                    farbss       000000
__Hfardata                   fardata      000000
__Hheap                      heap         000000
__Hibigdata                  ibigdata     000000
__Hidata                     idata        000000
__Hidloc                     idloc        000000
__Hifardata                  ifardata     000000
__Hinit                      init         008000
__Hintcode                   intcode      000008
__Hintcode_body              intcode_body 000000
__Hintcodelo                 intcodelo    000018
__Hintentry                  intentry     000000
__Hintret                    intret       000000
__Hintsave_regs              intsave_regs 000000
__Hirdata                    irdata       000000
__Hmediumconst               mediumconst  000000
__HnvCOMRAM                  nvCOMRAM     000000
__HnvFARRAM                  nvFARRAM     000000
__Hnvbit                     nvbit        000000
__Hnvrram                    nvrram       000000
__Hparam                     rparam       000000
__Hpowerup                   powerup      000000
__Hram                       ram          000000
__Hramtop                    ramtop       000600
__Hrbit                      rbit         000000
__Hrbss                      rbss         000000
__Hrdata                     rdata        000000
__Hreset_vec                 reset_vec    000004
__Hrparam                    rparam       000000
__Hsfr                       sfr          000000
__Hsivt_hi                   sivt_hi      000000
__Hsivt_lo                   sivt_lo      000018
__Hsmallconst                smallconst   00060C
__Hspace_0                   (abs)        008000
__Hspace_1                   (abs)        000029
__Hspace_2                   (abs)        000000
__Hspace_4                   (abs)        600008
__Hstack                     stack        000000
__Hstruct                    struct       000000
__Htemp                      temp         000000
__Htext                      text         000000
__Htext0                     text0        000000
__Htext1                     text1        000000
__Htext10                    text10       000000
__Htext11                    text11       000000
__Htext12                    text12       000000
__Htext13                    text13       000000
__Htext14                    text14       000000
__Htext15                    text15       000000
__Htext16                    text16       000000
__Htext17                    text17       000000
__Htext18                    text18       000000
__Htext19                    text19       000000
__Htext2                     text2        000000
__Htext3                     text3        000000
__Htext4                     text4        000000
__Htext5                     text5        000000
__Htext6                     text6        000000
__Htext7                     text7        000000
__Htext8                     text8        000000
__Htext9                     text9        000000
__LRAM                       (abs)        000001
__L__absolute__              __absolute__ 000000
__Labs1                      abs1         000000
__Lbank0                     bank0        000000
__Lbank1                     bank1        000000
__Lbank2                     bank2        000000
__Lbank3                     bank3        000000
__Lbank4                     bank4        000000
__Lbank5                     bank5        000000
__Lbigbss                    bigbss       000000
__Lbigdata                   bigdata      000000
__Lbigram                    bigram       000000
__Lbigsfr                    bigsfr       000000
__Lbss                       bss          000000
__LbssCOMRAM                 bssCOMRAM    000000
__Lcinit                     cinit        000000
__Lclrtext                   clrtext      000000
__Lcomram                    comram       000000
__Lconfig                    config       000000
__Lconst                     const        000000
__LcstackCOMRAM              cstackCOMRAM 000000
__Ldata                      data         000000
__Leeprom_data               eeprom_data  000000
__Lfarbss                    farbss       000000
__Lfardata                   fardata      000000
__Lheap                      heap         000000
__Libigdata                  ibigdata     000000
__Lidata                     idata        000000
__Lidloc                     idloc        000000
__Lifardata                  ifardata     000000
__Linit                      init         007FFC
__Lintcode                   intcode      000008
__Lintcode_body              intcode_body 000000
__Lintcodelo                 intcodelo    000018
__Lintentry                  intentry     000000
__Lintret                    intret       000000
__Lintsave_regs              intsave_regs 000000
__Lirdata                    irdata       000000
__Lmediumconst               mediumconst  000000
__LnvCOMRAM                  nvCOMRAM     000000
__LnvFARRAM                  nvFARRAM     000000
__Lnvbit                     nvbit        000000
__Lnvrram                    nvrram       000000
__Lparam                     rparam       000000
__Lpowerup                   powerup      000000
__Lram                       ram          000000
__Lramtop                    ramtop       000600
__Lrbit                      rbit         000000
__Lrbss                      rbss         000000
__Lrdata                     rdata        000000
__Lreset_vec                 reset_vec    000000
__Lrparam                    rparam       000000
__Lsfr                       sfr          000000
__Lsivt_hi                   sivt_hi      000000
__Lsivt_lo                   sivt_lo      000018
__Lsmallconst                smallconst   000600
__Lspace_0                   (abs)        000000
__Lspace_1                   (abs)        000000
__Lspace_2                   (abs)        000000
__Lspace_4                   (abs)        000000
__Lstack                     stack        000000
__Lstruct                    struct       000000
__Ltemp                      temp         000000
__Ltext                      text         000000
__Ltext0                     text0        000000
__Ltext1                     text1        000000
__Ltext10                    text10       000000
__Ltext11                    text11       000000
__Ltext12                    text12       000000
__Ltext13                    text13       000000
__Ltext14                    text14       000000
__Ltext15                    text15       000000
__Ltext16                    text16       000000
__Ltext17                    text17       000000
__Ltext18                    text18       000000
__Ltext19                    text19       000000
__Ltext2                     text2        000000
__Ltext3                     text3        000000
__Ltext4                     text4        000000
__Ltext5                     text5        000000
__Ltext6                     text6        000000
__Ltext7                     text7        000000
__Ltext8                     text8        000000
__Ltext9                     text9        000000
__S0                         (abs)        008000
__S1                         (abs)        000029
__S4                         (abs)        000000
__S5                         (abs)        000000
___awmod                     text16       000744
___awmod@counter             cstackCOMRAM 000005
___awmod@dividend            cstackCOMRAM 000001
___awmod@divisor             cstackCOMRAM 000003
___awmod@sign                cstackCOMRAM 000006
___heap_hi                   (abs)        000000
___heap_lo                   (abs)        000000
___inthi_sp                  stack        000000
___inthi_stack_hi            stack        000000
___inthi_stack_lo            stack        000000
___intlo_sp                  stack        000000
___intlo_stack_hi            stack        000000
___intlo_stack_lo            stack        000000
___lmul                      text14       00085E
___lmul@multiplicand         cstackCOMRAM 000005
___lmul@multiplier           cstackCOMRAM 000001
___lmul@product              cstackCOMRAM 000009
___param_bank                (abs)        000000
___rparam_used               (abs)        000001
___sp                        stack        000000
___stack_hi                  stack        000000
___stack_lo                  stack        000000
__accesstop                  (abs)        000080
__activetblptr               (abs)        000001
__end_of___awmod             text16       0007F2
__end_of___lmul              text14       0008C8
__end_of__initialization     cinit        000A84
__end_of_adc_read            text4        0009EA
__end_of_buttons_init        text19       000AF2
__end_of_buttons_read        text7        00097A
__end_of_buzzer_init         text18       000AEC
__end_of_buzzer_play_error   text6        000926
__end_of_buzzer_play_success text5        000A78
__end_of_digit_map           smallconst   00060B
__end_of_display_init        text17       000AE6
__end_of_display_show_digit  text15       000A38
__end_of_game_init           text8        000AAC
__end_of_game_loop           text1        000744
__end_of_game_reset          text11       000ACC
__end_of_generate_sequence   text12       000A12
__end_of_ldr_dark_detected   text3        000A5A
__end_of_leds_flash          text2        0009B2
__end_of_leds_init           text10       000AE0
__end_of_main                text0        000ABC
__end_of_rand                text13       00085E
__end_of_sensors_init        text9        000AD6
__initialization             cinit        000A78
__mediumconst                smallconst   000600
__pbssCOMRAM                 bssCOMRAM    00001B
__pcinit                     cinit        000A78
__pcstackCOMRAM              cstackCOMRAM 000001
__pnvCOMRAM                  nvCOMRAM     000028
__psmallconst                smallconst   000600
__ptext0                     text0        000AAC
__ptext1                     text1        00060C
__ptext10                    text10       000AD6
__ptext11                    text11       000ABC
__ptext12                    text12       0009EA
__ptext13                    text13       0007F2
__ptext14                    text14       00085E
__ptext15                    text15       000A12
__ptext16                    text16       000744
__ptext17                    text17       000AE0
__ptext18                    text18       000AE6
__ptext19                    text19       000AEC
__ptext2                     text2        00097A
__ptext3                     text3        000A38
__ptext4                     text4        0009B2
__ptext5                     text5        000A5A
__ptext6                     text6        0008C8
__ptext7                     text7        000926
__ptext8                     text8        000A92
__ptext9                     text9        000ACC
__ramtop                     ramtop       000600
__smallconst                 smallconst   000600
_adc_read                    text4        0009B2
_buttons_init                text19       000AEC
_buttons_read                text7        000926
_buzzer_init                 text18       000AE6
_buzzer_play_error           text6        0008C8
_buzzer_play_success         text5        000A5A
_current_level               nvCOMRAM     000028
_digit_map                   smallconst   000601
_display_init                text17       000AE0
_display_show_digit          text15       000A12
_game_init                   text8        000A92
_game_loop                   text1        00060C
_game_reset                  text11       000ABC
_generate_sequence           text12       0009EA
_ldr_dark_detected           text3        000A38
_leds_flash                  text2        00097A
_leds_init                   text10       000AD6
_main                        text0        000AAC
_rand                        text13       0007F2
_seed                        bssCOMRAM    000024
_sensors_init                text9        000ACC
_sequence                    bssCOMRAM    00001B
adc_read@channel             cstackCOMRAM 000005
buzzer_play_error@i          cstackCOMRAM 000003
display_show_digit@digit     cstackCOMRAM 000008
end_of_initialization        cinit        000A84
game_loop@btn                cstackCOMRAM 00001A
game_loop@i                  cstackCOMRAM 000018
game_loop@i_106              cstackCOMRAM 000019
generate_sequence@i          cstackCOMRAM 000013
intlevel0                    text         000000
intlevel1                    text         000000
intlevel2                    text         000000
intlevel3                    text         000000
isa$std                      (abs)        000001
isa$xinst                    (abs)        000000
leds_flash@index             cstackCOMRAM 000003
stackhi                      (abs)        000000
stacklo                      (abs)        000000
start                        init         007FFC
start_initialization         cinit        000A78


MODULE INFORMATION

Module		Function		Class		Link	Load	Size
buzzer.c
		_buzzer_init   		CODE           	0AE6	0000	6
		_buzzer_play_error		CODE           	08C8	0000	94
		_buzzer_play_success		CODE           	0A5A	0000	30

buzzer.c estimated size: 130

sensors.c
		_sensors_init  		CODE           	0ACC	0000	10
		_ldr_dark_detected		CODE           	0A38	0000	34
		_adc_read      		CODE           	09B2	0000	56

sensors.c estimated size: 100

buttons.c
		_buttons_read  		CODE           	0926	0000	84
		_buttons_init  		CODE           	0AEC	0000	6

buttons.c estimated size: 90

C:\Program Files\Microchip\xc8\v3.00\pic\sources\c99\common\rand.c
		_rand          		CODE           	07F2	0000	108

C:\Program Files\Microchip\xc8\v3.00\pic\sources\c99\common\rand.c estimated size: 108

C:\Program Files\Microchip\xc8\v3.00\pic\sources\c99\common\awmod.c
		___awmod       		CODE           	0744	0000	174

C:\Program Files\Microchip\xc8\v3.00\pic\sources\c99\common\awmod.c estimated size: 174

C:\Program Files\Microchip\xc8\v3.00\pic\sources\c99\common\Umul32.c
		___lmul        		CODE           	085E	0000	106

C:\Program Files\Microchip\xc8\v3.00\pic\sources\c99\common\Umul32.c estimated size: 106

shared
		_digit_map     		SMALLCONST     	0601	0000	10
		__initialization		CODE           	0A78	0000	12

shared estimated size: 22

game.c
		_game_loop     		CODE           	060C	0000	312
		_game_reset    		CODE           	0ABC	0000	16
		_generate_sequence		CODE           	09EA	0000	40
		_game_init     		CODE           	0A92	0000	26

game.c estimated size: 394

leds.c
		_leds_flash    		CODE           	097A	0000	56
		_leds_init     		CODE           	0AD6	0000	10

leds.c estimated size: 66

display.c
		_display_init  		CODE           	0AE0	0000	6
		_display_show_digit		CODE           	0A12	0000	38

display.c estimated size: 44

main.c
		_main          		CODE           	0AAC	0000	16

main.c estimated size: 16

